// Jest Snapshot v1, https://goo.gl/fbAQLP

exports[`Layout renders correctly 1`] = `
<div>
  <div
    class="flex flex-col justify-between min-h-screen"
  >
    <header
      class="relative z-50 px-4 py-8 lg:px-20"
    >
      <div
        class="flex items-center justify-between"
      >
        <a
          class="relative text-2xl font-bold transition duration-300 group whitespace-nowrap hover:transition"
          href="/"
          style="opacity: 0; transform: translateY(-10px) translateZ(0);"
        >
          <span
            class="transition duration-300 opacity-100 group-hover:opacity-0"
          >
            @jakeherp
          </span>
          <span
            class="absolute left-0 text-transparent transition duration-300 opacity-0 group-hover:opacity-100 bg-clip-text hover:bg-gradient-to-r from-blue-start to-blue-stop dark:from-purple-start dark:to-purple-stop"
          >
            Jacob Herper
          </span>
        </a>
        <nav
          class="hidden md:block"
        >
          <ul
            class="flex gap-8 text-lg"
          >
            <li
              style="opacity: 0; transform: translateY(-10px) translateZ(0);"
            >
              <a
                class="relative block text-2xl font-medium transition text-grey-700 md:text-grey-500 hover:text-off-black dark:hover:text-off-white md:underlined whitespace-nowrap md:text-lg"
                href="/about"
              >
                About
              </a>
            </li>
            <li
              style="opacity: 0; transform: translateY(-10px) translateZ(0);"
            >
              <a
                class="relative block text-2xl font-medium transition text-grey-700 md:text-grey-500 hover:text-off-black dark:hover:text-off-white md:underlined whitespace-nowrap md:text-lg"
                href="/uses"
              >
                Uses
              </a>
            </li>
            <li
              style="opacity: 0; transform: translateY(-10px) translateZ(0);"
            >
              <a
                class="relative block text-2xl font-medium transition text-grey-700 md:text-grey-500 hover:text-off-black dark:hover:text-off-white md:underlined whitespace-nowrap md:text-lg"
                href="/case-studies"
              >
                Case Studies
              </a>
            </li>
            <li
              style="opacity: 0; transform: translateY(-10px) translateZ(0);"
            >
              <a
                class="relative block text-2xl font-medium transition text-grey-700 md:text-grey-500 hover:text-off-black dark:hover:text-off-white md:underlined whitespace-nowrap md:text-lg"
                href="/blog"
              >
                Blog
              </a>
            </li>
          </ul>
        </nav>
        <button
          aria-label="Menu"
          class="absolute z-50 top-8 right-4 md:hidden"
        >
          <div
            class="burger-icon"
          >
            <span />
            <span />
            <span />
            <span />
          </div>
        </button>
        <div
          class="hidden md:block"
        >
          <button
            aria-label="Toggle Dark Mode"
            class="flex items-center justify-center p-2 transition-all bg-transparent border-2 rounded-full border-grey-300 dark:border-grey-700 dark:bg-transparent hover:ring-2 hover:ring-offset-2 ring-grey-300 dark:hover:ring-2 dark:hover:ring-offset-2 dark:ring-grey-200"
            type="button"
          >
            <svg
              class="w-5 h-5 text-grey-800 dark:text-grey-200"
              fill="none"
              stroke="currentColor"
              viewBox="0 0 24 24"
              xmlns="http://www.w3.org/2000/svg"
            >
              <path
                d="M20.354 15.354A9 9 0 018.646 3.646 9.003 9.003 0 0012 21a9.003 9.003 0 008.354-5.646z"
                stroke-linecap="round"
                stroke-linejoin="round"
                stroke-width="2"
              />
            </svg>
            <span
              class="md:hidden"
            >
              Switch to 
              dark
               mode
            </span>
          </button>
        </div>
      </div>
    </header>
    <main>
      Some content
    </main>
    <footer
      class="flex justify-between px-4 py-8 mt-8 md:mt-20 md:px-20"
    >
      <span>
        Â© 
        2022
         Jacob Herper
      </span>
      <ul
        class="flex gap-6"
      >
        <li
          class="w-6 h-6 transition opacity-70 hover:opacity-100"
        >
          <a
            href="https://www.github.com/jakeherp"
            rel="noopener noreferrer"
            target="_blank"
            title="Github"
          >
            <svg />
          </a>
        </li>
        <li
          class="w-6 h-6 transition opacity-70 hover:opacity-100"
        >
          <a
            href="https://www.linkedin.com/in/jacobherper"
            rel="noopener noreferrer"
            target="_blank"
            title="LinkedIn"
          >
            <svg />
          </a>
        </li>
        <li
          class="w-6 h-6 transition opacity-70 hover:opacity-100"
        >
          <a
            href="https://twitter.com/jakeherp"
            rel="noopener noreferrer"
            target="_blank"
            title="Twitter"
          >
            <svg />
          </a>
        </li>
        <li
          class="w-6 h-6 transition opacity-70 hover:opacity-100"
        >
          <a
            href="https://www.instagram.com/jakeherp"
            rel="noopener noreferrer"
            target="_blank"
            title="Instagram"
          >
            <svg />
          </a>
        </li>
      </ul>
    </footer>
  </div>
</div>
`;
