// Jest Snapshot v1, https://goo.gl/fbAQLP

exports[`Footer renders correctly 1`] = `
<div>
  <footer
    class="flex justify-between px-4 py-8 mt-8 md:mt-20 md:px-20"
  >
    <span>
      Â© 
      2022
       Chuckz Okoye
    </span>
    <ul
      class="flex gap-6"
    >
      <li
        class="w-6 h-6 opacity-70 hover:opacity-100 transition"
      >
        <a
          href="https://www.github.com/tricelex"
          rel="noopener noreferrer"
          target="_blank"
          title="Github"
        >
          <svg />
        </a>
      </li>
      <li
        class="w-6 h-6 opacity-70 hover:opacity-100 transition"
      >
        <a
          href="https://www.linkedin.com/in/chuckzokoye"
          rel="noopener noreferrer"
          target="_blank"
          title="LinkedIn"
        >
          <svg />
        </a>
      </li>
      <li
        class="w-6 h-6 opacity-70 hover:opacity-100 transition"
      >
        <a
          href="https://twitter.com/chuckzokoye"
          rel="noopener noreferrer"
          target="_blank"
          title="Twitter"
        >
          <svg />
        </a>
      </li>
      <li
        class="w-6 h-6 opacity-70 hover:opacity-100 transition"
      >
        <a
          href="https://www.instagram.com/chuckzokoye"
          rel="noopener noreferrer"
          target="_blank"
          title="Instagram"
        >
          <svg />
        </a>
      </li>
    </ul>
  </footer>
</div>
`;
